[themenate.com/espire/html/dist/index.html]
[backblue.gif]
[fade.gif]
[index.html]
[themenate.com/espire/html/dist/assets/images/logo/favicon.png]
[themenate.com/espire/html/dist/index-2.html]
[themenate.com/espire/html/dist/assets/images/logo/logo.png]
[themenate.com/espire/html/dist/assets/images/logo/logo-white.png]
[themenate.com/espire/html/dist/email.html]
[themenate.com/espire/html/dist/calendar.html]
[themenate.com/espire/html/dist/social.html]
[themenate.com/espire/html/dist/cards.html]
[themenate.com/espire/html/dist/buttons.html]
[themenate.com/espire/html/dist/modals.html]
[themenate.com/espire/html/dist/tabs.html]
[themenate.com/espire/html/dist/progress-slider.html]
[themenate.com/espire/html/dist/notification.html]
[themenate.com/espire/html/dist/typography.html]
[themenate.com/espire/html/dist/icons.html]
[themenate.com/espire/html/dist/form-elements.html]
[themenate.com/espire/html/dist/form-layouts.html]
[themenate.com/espire/html/dist/form-wizard.html]
[themenate.com/espire/html/dist/basic-table.html]
[themenate.com/espire/html/dist/data-table.html]
[themenate.com/espire/html/dist/nvd3.html]
[themenate.com/espire/html/dist/chartjs.html]
[themenate.com/espire/html/dist/sparkline.html]
[themenate.com/espire/html/dist/rickshaw.html]
[themenate.com/espire/html/dist/google-map.html]
[themenate.com/espire/html/dist/vector-map.html]
[themenate.com/espire/html/dist/invoice.html]
[themenate.com/espire/html/dist/account.html]
[themenate.com/espire/html/dist/faq.html]
[themenate.com/espire/html/dist/gallery.html]
[themenate.com/espire/html/dist/sign-in.html]
[themenate.com/espire/html/dist/sign-in2.html]
[themenate.com/espire/html/dist/sign-up.html]
[themenate.com/espire/html/dist/404.html]
[themenate.com/espire/html/dist/500.html]
[themenate.com/espire/html/dist/assets/images/avatars/thumb-1.jpg]
[themenate.com/espire/html/dist/assets/images/avatars/thumb-5.jpg]
[themenate.com/espire/html/dist/assets/images/avatars/thumb-4.jpg]
[themenate.com/espire/html/dist/assets/images/img-1.jpg]
[themenate.com/espire/html/dist/assets/images/img-2.jpg]
[themenate.com/espire/html/dist/assets/images/user.jpg]
[themenate.com/espire/html/dist/assets/images/avatars/thumb-2.jpg]
[themenate.com/espire/html/dist/assets/images/avatars/thumb-3.jpg]
[themenate.com/espire/html/dist/assets/images/avatars/thumb-6.jpg]
[themenate.com/espire/html/dist/assets/images/avatars/thumb-10.jpg]
[themenate.com/espire/html/dist/assets/images/avatars/thumb-11.jpg]
[themenate.com/espire/html/dist/assets/images/avatars/thumb-9.jpg]
[themenate.com/espire/html/dist/assets/images/avatars/user-1.jpg]
[themenate.com/espire/html/dist/assets/images/avatars/thumb-7.jpg]
[themenate.com/espire/html/dist/assets/images/others/thumb-1.jpg]
[themenate.com/espire/html/dist/assets/js/vendor.js]
[themenate.com/espire/html/bower_components/bower-jvectormap/jquery-jvectormap-1.2.2.min.js]
[themenate.com/espire/html/dist/assets/js/maps/jquery-jvectormap-us-aea.js]
[themenate.com/espire/html/bower_components/d3/d3.min.js]
[themenate.com/espire/html/bower_components/nvd3/build/nv.d3.min.js]
[themenate.com/espire/html/bower_components/jquery.sparkline/index.js]
[themenate.com/espire/html/bower_components/chart.js/dist/Chart.min.js]
[themenate.com/espire/html/dist/assets/js/app.min.js]
[themenate.com/espire/html/dist/assets/js/dashboard/dashboard.js]
[themenate.com/espire/html/dist/index.html]
[themenate.com/espire/html/dist/index-2.html]
[themenate.com/espire/html/dist/email-compose.html]
[themenate.com/espire/html/bower_components/summernote/dist/summernote.min.js]
[themenate.com/espire/html/bower_components/selectize/dist/js/standalone/selectize.min.js]
[themenate.com/espire/html/dist/assets/js/apps/email.js]
[themenate.com/espire/html/dist/email.html]
[themenate.com/espire/html/dist/assets/images/others/img-8.jpg]
[themenate.com/espire/html/bower_components/moment/min/moment.min.js]
[themenate.com/espire/html/bower_components/fullcalendar/dist/fullcalendar.min.js]
[themenate.com/espire/html/bower_components/fullcalendar/dist/gcal.js]
[themenate.com/espire/html/bower_components/bootstrap-daterangepicker/daterangepicker.js]
[themenate.com/espire/html/bower_components/bootstrap-datepicker/dist/js/bootstrap-datepicker.js]
[themenate.com/espire/html/bower_components/bootstrap-timepicker/js/bootstrap-timepicker.js]
[themenate.com/espire/html/dist/assets/js/apps/calendar.js]
[themenate.com/espire/html/dist/calendar.html]
[themenate.com/espire/html/dist/assets/images/others/img-9.jpg]
[themenate.com/espire/html/dist/assets/images/others/img-10.jpg]
[themenate.com/espire/html/dist/assets/images/avatars/thumb-8.jpg]
[themenate.com/espire/html/dist/assets/images/others/img-11.jpg]
[themenate.com/espire/html/dist/assets/images/others/img-12.jpg]
[themenate.com/espire/html/dist/assets/images/others/thumb-2.jpg]
[themenate.com/espire/html/dist/assets/images/others/thumb-3.jpg]
[themenate.com/espire/html/dist/assets/images/others/thumb-4.jpg]
[themenate.com/espire/html/dist/social.html]
[themenate.com/espire/html/dist/assets/images/others/thumb-5.jpg]
[themenate.com/espire/html/dist/assets/images/others/img-3.jpg]
[themenate.com/espire/html/dist/assets/images/others/img-4.jpg]
[themenate.com/espire/html/dist/assets/images/others/img-6.jpg]
[themenate.com/espire/html/dist/assets/images/others/img-5.jpg]
[themenate.com/espire/html/dist/assets/images/others/img-7.jpg]
[themenate.com/espire/html/dist/cards.html]
[themenate.com/espire/html/dist/buttons.html]
[themenate.com/espire/html/dist/assets/images/others/modal-md.jpg]
[themenate.com/espire/html/dist/assets/images/others/modal-right.jpg]
[themenate.com/espire/html/dist/assets/images/others/modal-left.jpg]
[themenate.com/espire/html/dist/assets/images/others/modal-sm.jpg]
[themenate.com/espire/html/dist/assets/images/others/modal-lg.jpg]
[themenate.com/espire/html/dist/assets/images/others/modal-fs.jpg]
[themenate.com/espire/html/dist/assets/images/others/img-1.jpg]
[themenate.com/espire/html/dist/assets/images/others/img-2.png]
[themenate.com/espire/html/dist/assets/images/others/mailing.png]
[themenate.com/espire/html/dist/modals.html]
[themenate.com/espire/html/dist/tabs.html]
[themenate.com/espire/html/bower_components/nouislider/distribute/nouislider.js]
[themenate.com/espire/html/dist/progress-slider.html]
[themenate.com/espire/html/dist/assets/js/ui-elements/progress-slider.js]
[themenate.com/espire/html/bower_components/sweetalert/lib/sweet-alert.js]
[themenate.com/espire/html/bower_components/noty/js/noty/packaged/jquery.noty.packaged.min.js]
[themenate.com/espire/html/dist/assets/js/ui-elements/notification.js]
[themenate.com/espire/html/dist/notification.html]
[themenate.com/espire/html/dist/typography.html]
[themenate.com/espire/html/dist/icons.html]
[themenate.com/espire/html/bower_components/jquery/dist/jquery.min.js]
[themenate.com/espire/html/bower_components/popper.js/dist/umd/popper.min.js]
[themenate.com/espire/html/bower_components/bootstrap/dist/js/bootstrap.js]
[themenate.com/espire/html/bower_components/PACE/pace.min.js]
[themenate.com/espire/html/bower_components/perfect-scrollbar/js/perfect-scrollbar.jquery.js]
[themenate.com/espire/html/dist/assets/js/app.js]
[themenate.com/espire/html/dist/assets/js/forms/form-elements.js]
[themenate.com/espire/html/dist/form-elements.html]
[themenate.com/espire/html/bower_components/jquery-validation/dist/jquery.validate.min.js]
[themenate.com/espire/html/dist/assets/js/forms/form-validation.js]
[themenate.com/espire/html/dist/form-layouts.html]
[themenate.com/espire/html/dist/assets/images/others/product-1.jpg]
[themenate.com/espire/html/dist/assets/images/others/product-2.jpg]
[themenate.com/espire/html/dist/assets/images/others/product-3.jpg]
[themenate.com/espire/html/dist/assets/images/others/credit-card.png]
[themenate.com/espire/html/dist/assets/images/others/cart.png]
[themenate.com/espire/html/bower_components/twitter-bootstrap-wizard/jquery.bootstrap.wizard.min.js]
[themenate.com/espire/html/dist/form-wizard.html]
[themenate.com/espire/html/dist/assets/js/forms/form-wizard.js]
[themenate.com/espire/html/dist/basic-table.html]
[themenate.com/espire/html/dist/assets/images/avatars/thumb-12.jpg]
[themenate.com/espire/html/bower_components/datatables/media/js/jquery.dataTables.js]
[themenate.com/espire/html/dist/assets/js/table/data-table.js]
[themenate.com/espire/html/dist/data-table.html]
[themenate.com/espire/html/dist/assets/js/charts/nvd3.js]
[themenate.com/espire/html/dist/nvd3.html]
[themenate.com/espire/html/dist/assets/js/charts/chartjs.js]
[themenate.com/espire/html/dist/chartjs.html]
[themenate.com/espire/html/dist/assets/js/charts/sparkline.js]
[themenate.com/espire/html/dist/sparkline.html]
[themenate.com/espire/html/bower_components/rickshaw/rickshaw.min.js]
[themenate.com/espire/html/dist/rickshaw.html]
[themenate.com/espire/html/dist/assets/js/charts/rickshaw.js]
[themenate.com/espire/html/dist/assets/js/maps/google-map.js]
[themenate.com/espire/html/dist/google-map.html]
[themenate.com/espire/html/bower_components/bower-jvectormap/jquery-jvectormap-world-mill-en.js]
[themenate.com/espire/html/dist/assets/js/maps/jvector-map.js]
[themenate.com/espire/html/dist/vector-map.html]
[themenate.com/espire/html/dist/invoice.html]
[themenate.com/espire/html/dist/account.html]
[themenate.com/espire/html/bower_components/sticky/jquery.sticky.js]
[themenate.com/espire/html/dist/assets/js/extras/faq.js]
[themenate.com/espire/html/dist/faq.html]
[themenate.com/espire/html/dist/assets/images/others/img-13.jpg]
[themenate.com/espire/html/dist/assets/images/others/img-14.jpg]
[themenate.com/espire/html/dist/assets/images/others/img-15.jpg]
[themenate.com/espire/html/dist/assets/images/others/img-16.jpg]
[themenate.com/espire/html/dist/assets/images/others/img-17.jpg]
[themenate.com/espire/html/dist/assets/images/others/img-18.jpg]
[themenate.com/espire/html/dist/assets/images/others/img-19.jpg]
[themenate.com/espire/html/dist/assets/images/others/img-20.jpg]
[themenate.com/espire/html/dist/assets/images/others/img-21.jpg]
[themenate.com/espire/html/dist/assets/images/others/img-22.jpg]
[themenate.com/espire/html/dist/assets/images/others/img-23.jpg]
[themenate.com/espire/html/dist/assets/images/others/img-24.jpg]
[themenate.com/espire/html/dist/assets/images/others/img-25.jpg]
[themenate.com/espire/html/dist/assets/images/others/img-26.jpg]
[themenate.com/espire/html/dist/assets/images/others/img-27.jpg]
[themenate.com/espire/html/bower_components/masonry/dist/masonry.pkgd.min.js]
[themenate.com/espire/html/bower_components/imagesloaded/imagesloaded.js]
[themenate.com/espire/html/bower_components/photoswipe/dist/photoswipe.js]
[themenate.com/espire/html/bower_components/photoswipe/dist/photoswipe-ui-default.min.js]
[themenate.com/espire/html/dist/assets/js/extras/gallery.js]
[themenate.com/espire/html/dist/gallery.html]
[themenate.com/espire/html/dist/assets/images/others/img-29.jpg]
[themenate.com/espire/html/dist/sign-in.html]
[themenate.com/espire/html/dist/assets/images/others/img-30.jpg]
[themenate.com/espire/html/dist/sign-in2.html]
[themenate.com/espire/html/dist/assets/images/others/img-31.jpg]
[themenate.com/espire/html/dist/sign-up.html]
[themenate.com/espire/html/dist/assets/images/others/404.png]
[themenate.com/espire/html/dist/404.html]
[themenate.com/espire/html/dist/assets/images/others/img-32.jpg]
[themenate.com/espire/html/dist/500.html]
[themenate.com/espire/html/dist/email-compose.html]
[themenate.com/espire/html/bower_components/bootstrap/dist/css/bootstrap.css]
[themenate.com/espire/html/bower_components/PACE/themes/blue/pace-theme-minimal.css]
[themenate.com/espire/html/bower_components/perfect-scrollbar/css/perfect-scrollbar.min.css]
[themenate.com/espire/html/bower_components/bower-jvectormap/jquery-jvectormap-1.2.2.css]
[themenate.com/espire/html/bower_components/nvd3/build/nv.d3.min.css]
[themenate.com/espire/html/dist/assets/fonts/exclusive-icon.eot]
[themenate.com/espire/html/dist/assets/fonts/exclusive-icon.woff]
[themenate.com/espire/html/dist/assets/fonts/exclusive-icon.ttf]
[themenate.com/espire/html/dist/assets/css/ei-icon.css]
[themenate.com/espire/html/dist/assets/fonts/themify9f24.eot]
[themenate.com/espire/html/dist/assets/fonts/themifyd41d.eot]
[themenate.com/espire/html/dist/assets/fonts/themify9f24.woff]
[themenate.com/espire/html/dist/assets/fonts/themify9f24.ttf]
[themenate.com/espire/html/dist/assets/css/themify-icons.css]
[themenate.com/espire/html/dist/assets/fonts/fontawesome-webfont3e6e.eot]
[themenate.com/espire/html/dist/assets/fonts/fontawesome-webfontd41d.eot]
[themenate.com/espire/html/dist/assets/fonts/fontawesome-webfont3e6e.woff]
[themenate.com/espire/html/dist/assets/fonts/fontawesome-webfont3e6e.ttf]
[themenate.com/espire/html/dist/assets/css/font-awesome.min.css]
[themenate.com/espire/html/dist/assets/css/animate.min.css]
[themenate.com/espire/html/dist/assets/images/logo/logo-sm.png]
[themenate.com/espire/html/dist/assets/images/logo/logo-white-sm.png]
[themenate.com/espire/html/dist/assets/css/app.css]
[themenate.com/espire/html/dist/email.html]
[themenate.com/espire/html/bower_components/summernote/dist/font/summernote6f27.eot]
[themenate.com/espire/html/bower_components/summernote/dist/font/summernoted41d.eot]
[themenate.com/espire/html/bower_components/summernote/dist/font/summernote6f27.woff]
[themenate.com/espire/html/bower_components/summernote/dist/font/summernote6f27.ttf]
[themenate.com/espire/html/bower_components/summernote/dist/summernote.css]
[themenate.com/espire/html/bower_components/selectize/dist/css/selectize.default.css]
[themenate.com/espire/html/bower_components/fullcalendar/dist/fullcalendar.min.css]
[themenate.com/espire/html/bower_components/bootstrap-daterangepicker/daterangepicker.css]
[themenate.com/espire/html/bower_components/bootstrap-datepicker/dist/css/bootstrap-datepicker3.css]
[themenate.com/espire/html/bower_components/nouislider/distribute/nouislider.min.css]
[themenate.com/espire/html/dist/assets/css/sweetalert.css]
[themenate.com/espire/html/bower_components/datatables/media/images/sort_both.png]
[themenate.com/espire/html/bower_components/datatables/media/images/sort_asc.png]
[themenate.com/espire/html/bower_components/datatables/media/images/sort_desc.png]
[themenate.com/espire/html/bower_components/datatables/media/images/sort_asc_disabled.png]
[themenate.com/espire/html/bower_components/datatables/media/css/jquery.dataTables.css]
[themenate.com/espire/html/bower_components/datatables/media/images/sort_desc_disabled.png]
[themenate.com/espire/html/bower_components/rickshaw/rickshaw.min.css]
[themenate.com/espire/html/bower_components/photoswipe/dist/photoswipe.css]
[themenate.com/espire/html/bower_components/photoswipe/dist/default-skin/default-skin.png]
[themenate.com/espire/html/bower_components/photoswipe/dist/default-skin/default-skin.css]
[themenate.com/espire/html/bower_components/photoswipe/dist/default-skin/preloader.gif]
[themenate.com/espire/html/dist/assets/fonts/exclusive-icond41d.eot]
[themenate.com/espire/html/dist/assets/fonts/exclusive-icon.svg]
[themenate.com/espire/html/dist/assets/fonts/themify9f24.svg]
[themenate.com/espire/html/dist/assets/fonts/fontawesome-webfont3e6e.html]
[themenate.com/espire/html/dist/assets/fonts/fontawesome-webfont3e6e.svg]
[themenate.com/espire/html/bower_components/photoswipe/dist/default-skin/default-skin.svg]
